// Jest Snapshot v1, https://goo.gl/fbAQLP

exports[`About 1`] = `
<section
  className="about"
  id="about"
>
  <h2
    className="section__title"
  >
    Our Mission
  </h2>
  <p
    className="about__content"
    dangerouslySetInnerHTML={
      Object {
        "__html": "The <strong>West Indian Association of Greater Kansas City (WIA-KC)</strong> is a 501(c)(3) non-profit organization with the objective to promote educational, youth, literary, charitable and cultural activities with the intent to maintain, preserve, and foster the cultural heritage of the people of the West Indies; and to encourage friendship among individuals who are interested in West Indian culture and to promote friendship and understanding among the West Indian community and with people of other cultural backgrounds.",
      }
    }
  />
</section>
`;

exports[`Activities 1`] = `
<section
  className="activities"
  id="activities"
>
  <section
    className="activities__box"
  >
    <div
      className="activities__activity"
      key="0"
    >
      <div
        className="activities__activity--icon"
      >
        <div
          className="icon--teacher"
        />
      </div>
      <h4
        className="activities__activity--header"
      >
        Education
      </h4>
      <ul
        className="activities__activity--exampleList"
      >
        <li
          className="activities__activity--example"
          key="0"
        >
          STEM Opportunities
        </li>
        <li
          className="activities__activity--example"
          key="1"
        >
          West Indian Cooking
        </li>
        <li
          className="activities__activity--example"
          key="2"
        >
          Money Management
        </li>
      </ul>
    </div>
    <div
      className="activities__activity"
      key="1"
    >
      <div
        className="activities__activity--icon"
      >
        <div
          className="icon--help"
        />
      </div>
      <h4
        className="activities__activity--header"
      >
        Community Service
      </h4>
      <ul
        className="activities__activity--exampleList"
      >
        <li
          className="activities__activity--example"
          key="0"
        >
          Food Drive
        </li>
        <li
          className="activities__activity--example"
          key="1"
        >
          Clothing Drive
        </li>
        <li
          className="activities__activity--example"
          key="2"
        >
          Guest Speakers
        </li>
      </ul>
    </div>
    <div
      className="activities__activity"
      key="2"
    >
      <div
        className="activities__activity--icon"
      >
        <div
          className="icon--beach-house"
        />
      </div>
      <h4
        className="activities__activity--header"
      >
        Cultural Events
      </h4>
      <ul
        className="activities__activity--exampleList"
      >
        <li
          className="activities__activity--example"
          key="0"
        >
          Jerk Festival
        </li>
        <li
          className="activities__activity--example"
          key="1"
        >
          Family Picnics
        </li>
        <li
          className="activities__activity--example"
          key="2"
        >
          Book Clubs
        </li>
      </ul>
    </div>
    <div
      className="activities__activity"
      key="3"
    >
      <div
        className="activities__activity--icon"
      >
        <div
          className="icon--customer"
        />
      </div>
      <h4
        className="activities__activity--header"
      >
        Mentorship
      </h4>
      <ul
        className="activities__activity--exampleList"
      >
        <li
          className="activities__activity--example"
          key="0"
        >
          Job Shadowing
        </li>
        <li
          className="activities__activity--example"
          key="1"
        >
          Business Networking
        </li>
      </ul>
    </div>
    <div
      className="activities__activity"
      key="4"
    >
      <div
        className="activities__activity--icon"
      >
        <div
          className="icon--partnership"
        />
      </div>
      <h4
        className="activities__activity--header"
      >
        Strategic Partnerships
      </h4>
      <ul
        className="activities__activity--exampleList"
      >
        <li
          className="activities__activity--example"
          key="0"
        >
          Sponsorships
        </li>
        <li
          className="activities__activity--example"
          key="1"
        >
          West Indian Associations
        </li>
        <li
          className="activities__activity--example"
          key="2"
        >
          Cultural Heritage Organizations
        </li>
      </ul>
    </div>
  </section>
</section>
`;

exports[`BoardMembers 1`] = `
<section
  className="boardMembers"
  id="boardMembers"
>
  <h2
    className="section__title"
  >
    Board Members
  </h2>
  <div
    className="boardMembers__members"
  >
    <div
      className="boardMembers__member"
      key="0"
    >
      <h4
        className="boardMembers__member--title"
      >
        President
      </h4>
      <span
        className="boardMembers__member--name"
      >
        Dr. Janice Barrow
      </span>
      <span>
         
      </span>
      <span
        className="boardMembers__member--credential"
      >
        Kansas State University
      </span>
    </div>
    <div
      className="boardMembers__member"
      key="1"
    >
      <h4
        className="boardMembers__member--title"
      >
        Founder and Vice-President – Public Relations and Membership,
      </h4>
      <span
        className="boardMembers__member--name"
      >
        Mrs. Hyacinth Henry
      </span>
      <span>
         
      </span>
      <span
        className="boardMembers__member--credential"
      >
        Entrepreneur and Community Activist
      </span>
    </div>
    <div
      className="boardMembers__member"
      key="2"
    >
      <h4
        className="boardMembers__member--title"
      >
        Secretary
      </h4>
      <span
        className="boardMembers__member--name"
      >
        Keisha Jones
      </span>
      <span>
         
      </span>
      <span
        className="boardMembers__member--credential"
      >
        RN, CPHIMS, Manager, Clinical Consultant Knowledge Lead – Consulting, Cerner
      </span>
    </div>
    <div
      className="boardMembers__member"
      key="3"
    >
      <h4
        className="boardMembers__member--title"
      >
        Assistant Secretary
      </h4>
      <span
        className="boardMembers__member--name"
      >
        Therese Dublin
      </span>
      <span>
         
      </span>
      <span
        className="boardMembers__member--credential"
      >
        RN
      </span>
    </div>
    <div
      className="boardMembers__member"
      key="4"
    >
      <h4
        className="boardMembers__member--title"
      >
        Treasurer
      </h4>
      <span
        className="boardMembers__member--name"
      >
        Keithly Lake
      </span>
      <span>
         
      </span>
      <span
        className="boardMembers__member--credential"
      >
        Attorney-at-Law
      </span>
    </div>
    <div
      className="boardMembers__member"
      key="5"
    >
      <h4
        className="boardMembers__member--title"
      >
        Legal Advisor
      </h4>
      <span
        className="boardMembers__member--name"
      >
        Keithly Lake
      </span>
      <span>
         
      </span>
      <span
        className="boardMembers__member--credential"
      >
        Attorney-at-Law
      </span>
    </div>
    <div
      className="boardMembers__member"
      key="6"
    >
      <h4
        className="boardMembers__member--title"
      >
        Legal Advisor
      </h4>
      <span
        className="boardMembers__member--name"
      >
        Stacy Lake
      </span>
      <span>
         
      </span>
      <span
        className="boardMembers__member--credential"
      >
        Attorney-at-Law, Lake Firm, LLC
      </span>
    </div>
  </div>
</section>
`;

exports[`Calendar 1`] = `
<section
  className="calendar"
  id="calendar"
>
  <section
    className="calendar__container"
  >
    <h2
      className="section__title"
    >
      Planned Activities
    </h2>
    <div
      className="calendar__events"
    >
      <div
        className="calendar__event"
        key="0"
      >
        <div
          className="calendar__event--date"
        >
          May 17th
        </div>
        <div
          className="calendar__event--details"
        >
          <p>
            ...Loading Events
          </p>
          <p />
        </div>
      </div>
    </div>
  </section>
</section>
`;

exports[`Calendar 2`] = `
<section
  className="nextMeeting"
  id="nextMeeting"
>
  <p
    className="nextMeeting__title"
  >
    ...Loading Events
  </p>
  <p
    className="nextMeeting__date"
  >
    Tuesday, May 17th 2033, 10:33 pm
  </p>
</section>
`;

exports[`Caricom 1`] = `
<section
  className="caricom"
  id="caricom"
>
  <figure
    className="caricom__map"
  >
    <Connect(ResponsiveImage)
      className="caricom__map--image"
      image={
        Object {
          "alt": "Map of the Caricom Members",
          "src": "caricom.png",
        }
      }
    />
    <figcaption
      className="caricom__map--caption"
    >
      Map of Caricom Members
    </figcaption>
  </figure>
  <h2
    className="section__title"
  >
    The West Indies
  </h2>
  <p
    className="caricom__text"
  >
    Countries of the West Indies (an area of the Caribbean) share a common cultural history created by European colonization of the region, as well as the significant presence of people of African descent. The region is not only informally unified by its culture, heritage, and sports, but is also formally unified, in part, by organizations such as CARICOM.
     
    <a
      onClick={[Function]}
    >
      Learn More...
    </a>
  </p>
</section>
`;

exports[`Marginals 1`] = `
<section
  className="footer"
  id="footer"
>
  <div
    className="footer__logobox"
  >
    <Connect(ResponsiveImage)
      className="footer__logobox--logo"
      image={
        Object {
          "alt": "WIA-GKC Logo",
          "src": "logo.png",
        }
      }
    />
    <h2
      className="section__title"
    >
      West Indian Association
    </h2>
  </div>
  <div
    className="footer__data"
  >
    <p>
      <a
        href="https://twitter.com/wiagkc"
      >
        @
        wiagkc
      </a>
    </p>
    <p>
      <a
        href="mailto:contact@wiakc.org"
      >
        contact@wiakc.org
      </a>
    </p>
    <p>
      <a
        href="tel:417986-6144"
      >
        417-986-6144
      </a>
    </p>
    <p>
      <a
        href="geo:39.070497, -94.574570"
        target="_blank"
      >
        817 East 31st Street, Kansas City, MO 64109
      </a>
    </p>
  </div>
</section>
`;

exports[`Marginals 2`] = `
<header
  className="header"
  id="top"
>
  <div
    className="header__hero"
  >
    <h1
      className="header__hero--title"
    >
      West Indian Association
    </h1>
    <h2
      className="header__hero--subtitle"
    >
      of Greater Kansas City
    </h2>
    <h3
      className="header__hero--tagline"
    >
      Sharing the West Indian Culture in Kansas City
    </h3>
  </div>
</header>
`;

exports[`Marginals 3`] = `
<nav
  className="navigation"
>
  <Connect(ResponsiveImage)
    className="navigation__logo"
    image={
      Object {
        "alt": "WIA-GKC Logo",
        "src": "logo.png",
      }
    }
  />
  <span
    className="navigation__title"
  >
    WIA-KC
  </span>
  <span
    className="navigation__links"
  >
    <a
      className="navigation__links--link"
      href="#top"
      key="0"
    >
      Home
    </a>
    <a
      className="navigation__links--link"
      href="#about"
      key="1"
    >
      About Us
    </a>
    <a
      className="navigation__links--link"
      href="#calendar"
      key="2"
    >
      Activities
    </a>
    <a
      className="navigation__links--link"
      href="#membership"
      key="3"
    >
      Membership
    </a>
  </span>
</nav>
`;

exports[`Membership 1`] = `
<section
  className="membership"
  id="membership"
>
  <div
    className="membership__container"
  >
    <div
      className="membership__frequency"
    >
      <h2
        className="section__title"
      >
        Meetings
      </h2>
      <p
        className="membership__frequency--main"
      >
        <strong>
           🏝️ 
          2nd Saturday of Each Month
           
        </strong>
      </p>
      <p
        className="membership__frequency--exception"
      />
    </div>
    <p
      className="membership__detail"
    >
      There is something for everyone as we invite you to join our association, volunteer, and/or enjoy the many activities planned.
    </p>
    <p
      className="membership__detail"
    >
      Please attend our meetings and share ideas for other projects or issues you feel are important in the West Indian community. If unable to attend, please read a recap of meeting minutes from last month. Please refer other potential members.
    </p>
  </div>
</section>
`;

exports[`Photos 1`] = `
<section
  className="photos"
  id="photos"
>
  <section
    className="photos__images"
  >
    <Connect(ResponsiveImage)
      image={
        Object {
          "alt": "2018 Events 1",
          "src": "jerkfest-800.jpg",
        }
      }
      key="0"
    />
    <Connect(ResponsiveImage)
      image={
        Object {
          "alt": "2018 Events 2",
          "src": "picnic-800.jpg",
        }
      }
      key="1"
    />
  </section>
</section>
`;
